# Fetches of the prospect, UTC 2026-09-24: werke.json at 22:19Z, all others 22:23Z to 22:27Z (end bound read from the clock after the fact); HTTPS GET, sizes in bytes, sha256
# (2026-09-25 Europe/Berlin). Source files not committed; see README.md.
5171976 7e39bb43bd1e1920517ed9316d3c5b14f898fe68afe9e0891bf18c4180b9d272 https://hpiers.obspm.fr/iers/eop/eopc04/eopc04.1962-now
1352 6cb6f5d4b819f2e568e25db4b0b26d89dedf031fdffb18bc94d40f4e94e268d7 https://hpiers.obspm.fr/iers/bul/bulc/Leap_Second.dat
5065 db5a895f16853b03bfc865e8d68f9fc8710ef1740e3400c701cd46a5bbbc3433 https://data.iana.org/time-zones/tzdb/leap-seconds.list
1956 e798dcb63dce37d4411f58a7d47e62f5fc170724eb4fb0dd039324ca2894cab0 https://hpiers.obspm.fr/iers/bul/bulc/bulletinc.52
1528 310e172eadacacca3adf92cb9bd646fcc0d6320e35e996a106d2644ede3b52f0 https://hpiers.obspm.fr/iers/bul/bulc/bulletinc.dat
1492369 989fcc6405f523389e0061be4a2116f6b63b437c4d12f59013e1d7487969e750 https://www.bipm.org/documents/20126/284836054/CGPM-2026-Draft-Resolutions.pdf (version=9.0, page dated 13/07/2026, 'Version 5 updated in July 2026')
1590957 670325a460e82ce2d7b3a635380cc6315c987e1d61307e82553d66a071070c43 https://www.bipm.org/documents/20126/284836054/CCTF-report-on-Draft-Resolution-C.pdf (version=2.3, July 2026)
387847 a033aef59a4a0d397de02f57cd7db50bd44b075fe1756c6d3490355528c64a61 https://frankbueltge.de/atlas/werke.json
1724 0579a6fa44d5bb3d876078350e0b938a68847f5490c411d26457561d9ef9afe8 https://hpiers.obspm.fr/iers/bul/bulc/bulletinc.53
1528 7274eeb8d9598f5a50c5e59d83f4beaa116f064b1a81a4a9c727102834e86ec2 https://hpiers.obspm.fr/iers/bul/bulc/bulletinc.54
1527 44591196d98992b48a624e45a8c697e0502c11f66cfd2a516433b71b7aec2b21 https://hpiers.obspm.fr/iers/bul/bulc/bulletinc.55
1528 db4ec090c2c1b80b1aaff343327d65ecfdaf04dc89aa50fc032c3e17cba95214 https://hpiers.obspm.fr/iers/bul/bulc/bulletinc.56
1527 04ee2fbed717e448dc8ef822a603d2fbd2c853ffc130d467062c6156da75595c https://hpiers.obspm.fr/iers/bul/bulc/bulletinc.57
1528 7360b4741cef7a2e4c09cdfeaf5cfe8c3408ce129adbce32422130fdfeb5e5d0 https://hpiers.obspm.fr/iers/bul/bulc/bulletinc.58
1526 8d8daf80617222fd27930d3285bba16aea5726b4a85b9897b49c4e10251bdcd7 https://hpiers.obspm.fr/iers/bul/bulc/bulletinc.59
1526 551f71d1fbbc1ecf63b8733f3e84805493bfe2339fa5a86771a9cd7f4b368294 https://hpiers.obspm.fr/iers/bul/bulc/bulletinc.60
1527 4d7aed53f14465f69f155d4aa4ec984801e530ebb1789b2fd2bbf643e95abab2 https://hpiers.obspm.fr/iers/bul/bulc/bulletinc.61
1528 591b82e803f095282f0f2f0f58de725385b5cb3a319c653f5e531418ea0f6b9d https://hpiers.obspm.fr/iers/bul/bulc/bulletinc.62
1527 17c8f392842c83ca9daef7be19738832b4fd5ec94df4ce62e379b949f7927cad https://hpiers.obspm.fr/iers/bul/bulc/bulletinc.63
1528 fc210a303d7235042bf840fe86dcafa1c29c6e39359561a85ba539eab2abc039 https://hpiers.obspm.fr/iers/bul/bulc/bulletinc.64
1527 3c7005949e7cd748aa032cb77806a0090d565df05833ab59d31a96a9a195c735 https://hpiers.obspm.fr/iers/bul/bulc/bulletinc.65
1528 9aac0880302534f06429283e4f41248ff0d3a348d34a30818eb26473c21df336 https://hpiers.obspm.fr/iers/bul/bulc/bulletinc.66
1527 bf064f784512a6e364b818435ae55439d1029e47e8d39812eedd04bf7da8131d https://hpiers.obspm.fr/iers/bul/bulc/bulletinc.67
1528 1df50de56aa85cb8550d45b64e2dfd32dbaf3d51433786e40fbc35f205cd7336 https://hpiers.obspm.fr/iers/bul/bulc/bulletinc.68
1527 7ad540d1a4cc743ca7f947c9cc021ac67aaeaca59d6f602fbcc218028d3b5293 https://hpiers.obspm.fr/iers/bul/bulc/bulletinc.69
1527 8663a26789efcbba0ba2f75ceac32fb5a61bf38747640f326d637e702a80c0a1 https://hpiers.obspm.fr/iers/bul/bulc/bulletinc.70
1527 270d0321a11e87e375edccbed9760eefe86a204c1e38ef2d0a50dfe1e7d20adc https://hpiers.obspm.fr/iers/bul/bulc/bulletinc.71
1528 310e172eadacacca3adf92cb9bd646fcc0d6320e35e996a106d2644ede3b52f0 https://hpiers.obspm.fr/iers/bul/bulc/bulletinc.72
