attempts log — fourteenth asking, 2026-08-29T01:05:16Z
2026-08-29T01:05:16Z certspotter exact HTTP 200
2026-08-29T01:05:16Z certspotter zone HTTP 200
[between 2026-08-29T01:05:16Z and 01:06:05Z; undated by a session scripting slip, bracketed honestly] crt.sh exact attempt 1 HTTP 502
[between 2026-08-29T01:05:16Z and 01:06:05Z; undated by a session scripting slip, bracketed honestly] crt.sh exact attempt 2 HTTP 200
2026-08-29T01:06:10Z crt.sh exact attempt 3 (confirming re-query, dated) HTTP 404
2026-08-29T01:06:27Z crt.sh exact attempt 4 HTTP 000000
2026-08-29T01:07:03Z crt.sh exact attempt 5 HTTP 502
2026-08-29T01:07:09Z crt.sh exact attempt 6 HTTP 502
2026-08-29T01:07:16Z crt.sh exact attempt 7 HTTP 502
2026-08-29T01:07:22Z crt.sh exact attempt 8 HTTP 502
2026-08-29T01:07:29Z crt.sh exact attempt 9 HTTP 502
2026-08-29T01:07:35Z crt.sh exact attempt 10 HTTP 502
2026-08-29T01:08:19Z crt.sh exact attempt 11 HTTP 502
2026-08-29T01:08:40Z crt.sh exact attempt 12 HTTP 502
2026-08-29T01:09:01Z crt.sh exact attempt 13 HTTP 502
2026-08-29T01:09:22Z crt.sh exact attempt 14 HTTP 000000
2026-08-29T01:10:27Z crt.sh exact attempt 15 HTTP 502
2026-08-29T01:10:47Z crt.sh exact attempt 16 HTTP 404
2026-08-29T01:11:11Z crt.sh zone attempt 1 HTTP 502
2026-08-29T01:11:28Z crt.sh zone attempt 2 HTTP 000000
2026-08-29T01:12:28Z crt.sh zone attempt 3 HTTP 502
2026-08-29T01:12:44Z crt.sh zone attempt 4 HTTP 502
2026-08-29T01:17:55Z crt.sh exact attempt 17 HTTP 502
2026-08-29T01:17:56Z crt.sh zone attempt 5 HTTP 502
